// Jest Snapshot v1, https://goo.gl/fbAQLP

exports[`prop access parses member expr: foo.'bar spam' 1`] = `
member . (1:0-1:14)
  ident (1:0-1:3) foo
  string ' (1:4-1:14)
    'bar spam'
`;

exports[`prop access parses member expr: foo.(Symbol.iterator) 1`] = `
member . (1:0-1:21)
  ident (1:0-1:3) foo
  group (1:4-1:21)
    member . (1:5-1:20)
      ident (1:5-1:11) Symbol
      ident (1:12-1:20) iterator
`;

exports[`prop access parses single line 1`] = `
member . (1:0-1:7)
  ident (1:0-1:3) foo
  ident (1:4-1:7) bar
`;

exports[`prop access parses with taken keywords 1`] = `
member . (1:0-1:9)
  ident (1:0-1:3) foo
  ident (1:4-1:9) match
`;

exports[`prop access parses with taken keywords 2`] = `
member . (1:0-1:6)
  ident (1:0-1:3) foo
  ident (1:4-1:6) fn
`;
