// Jest Snapshot v1, https://goo.gl/fbAQLP

exports[`prop access parses member expr: foo.(Symbol.iterator) 1`] = `
member . (1:0-1:21)
  other (1:0-1:3) foo
  group (1:4-1:21)
    member . (1:5-1:20)
      other (1:5-1:11) Symbol
      other (1:12-1:20) iterator
`;

exports[`prop access parses member expr: foo.\`bar spam\` 1`] = `
member . (1:0-1:14)
  other (1:0-1:3) foo
  string \` (1:4-1:14)
    \`bar spam\`
`;

exports[`prop access parses single line: foo.bar 1`] = `
member . (1:0-1:7)
  other (1:0-1:3) foo
  other (1:4-1:7) bar
`;
