// Jest Snapshot v1, https://goo.gl/fbAQLP

exports[`import parses import 1`] = `
prefix import (1:0-1:21)
  string ' (1:7-1:21)
    './foobar.fnk'
`;
