// Jest Snapshot v1, https://goo.gl/fbAQLP

exports[`partial parses binary 1`] = `
comp > (1:0-1:5)
  partial (1:0-1:1) ?
  number (1:4-1:5) 1
`;

exports[`partial parses binary 2`] = `
comp < (1:0-1:5)
  number (1:0-1:1) 1
  partial (1:4-1:5) ?
`;

exports[`partial parses binary 3`] = `
arithm + (1:0-1:9)
  number (1:0-1:1) 1
  arithm * (1:4-1:9)
    partial (1:4-1:5) ?
    number (1:8-1:9) 3
`;

exports[`partial parses call 1`] = `
call (1:0-1:6)
  ident (1:0-1:3) foo
  partial (1:6-1:7) ?

`;

exports[`partial parses call 2`] = `
call (1:0-1:10)
  member . (1:0-1:7)
    ident (1:0-1:3) foo
    ident (1:4-1:7) bar
  partial (1:10-1:11) ?

`;

exports[`partial parses member 1`] = `
call (1:0-1:7)
  member . (1:0-1:5)
    partial (1:0-1:1) ?
    ident (1:2-1:5) bar

`;

exports[`partial parses str 1`] = `
string ' (1:0-1:14)
  \`foo \`
    partial (1:7-1:8) ?
  \` bar\`
`;
