// Jest Snapshot v1, https://goo.gl/fbAQLP

exports[`async parses async: await foobar 1`] = `
await (1:0-1:12)
  ident (1:6-1:12) foobar
`;
