// Jest Snapshot v1, https://goo.gl/fbAQLP

exports[`array [...] - parsing failures foo 1`] = `[Function]`;

exports[`array [...] parses empty: [] 1`] = `
array (1:0-1:2)

`;

exports[`array [...] parses leading commas: [,, foo] 1`] = `
array (1:0-1:8)


  ident (1:4-1:7) foo
`;

exports[`array [...] parses multiple elements: [1, 2, 3] 1`] = `
array (1:0-1:9)
  number (1:1-1:2) 1
  number (1:4-1:5) 2
  number (1:7-1:8) 3
`;

exports[`array [...] parses single elemement: [1] 1`] = `
array (1:0-1:3)
  number (1:1-1:2) 1
`;
