// Jest Snapshot v1, https://goo.gl/fbAQLP

exports[`dict parses 1`] = `
object dict (1:0-5:0):
  object:prop (2:2-2:5)
    ident (2:2-2:5) foo
    ident (2:2-2:5) foo
  object:prop (3:2-3:15)
    group (3:2-3:10)
      arithm + (3:3-3:9)
        ident (3:3-3:6) bar
        ident (3:7-3:9) ni
    number (3:12-3:15) 123
  object:prop (4:2-4:6)
    ident (4:2-4:6) spam
    ident (4:2-4:6) spam
`;

exports[`object {...} - parsing failures errors when encountering bad end of prop 1`] = `
module (1:0-1:4)
  object (1:0-1:4)
    object:prop (1:1-1:4)
      ident (1:1-1:4) foo
      ident (1:1-1:4) foo

error:
test.fnk:1:4
1| {foo) bar}
       ^

Expected ',' or indented new line or '}'.



`;

exports[`object {...} - parsing failures errors when encountering bad key 1`] = `
module (1:0-1:1)
  object (1:0-1:1)
    ::error::

error:
test.fnk:1:1
1| {2*3: bar}
    ^

Expected prop-key but found '2'.



`;

exports[`object {...} - parsing failures errors when encountering bad start of prop key 1`] = `
module (1:0-1:5)
  object (1:0-1:5)
    object:prop (1:1-1:4)
      ident (1:1-1:4) foo
      ident (1:1-1:4) foo
    ::error::

error:
test.fnk:1:6
1| {foo, [bar]: spam}
         ^

Expected prop-key but found '['.



`;

exports[`object {...} - parsing failures errors when missing '}' 1`] = `
module (1:0-1:1)
  object (1:0-1:1)


error:
test.fnk:1:1
1| {
    ^

Expected ',' or indented(>=1) new line or '}'.



`;

exports[`object {...} parses calculated prop 1`] = `
object (1:0-1:26)
  object:prop (1:1-1:4)
    ident (1:1-1:4) foo
    ident (1:1-1:4) foo
  object:prop (1:6-1:19)
    group (1:6-1:14)
      arithm + (1:7-1:13)
        ident (1:7-1:10) bar
        ident (1:11-1:13) ni
    number (1:16-1:19) 123
  object:prop (1:21-1:25)
    ident (1:21-1:25) spam
    ident (1:21-1:25) spam
`;

exports[`object {...} parses default assignment prop 1`] = `
object (1:0-1:9)
  object:prop (1:1-1:8)
    ident (1:1-1:4) foo
    assign = (1:1-1:8)
      ident (1:1-1:4) foo
      number (1:5-1:8) 123
`;

exports[`object {...} parses empty: {} 1`] = `
object (1:0-1:2)

`;

exports[`object {...} parses keywords as keys 1`] = `
object (1:0-1:60)
  object:prop (1:1-1:3)
    ident (1:1-1:3) fn
    ident (1:1-1:3) fn
  object:prop (1:5-1:10)
    ident (1:5-1:10) match
    ident (1:5-1:10) match
  object:prop (1:12-1:16)
    ident (1:12-1:16) fold
    ident (1:12-1:16) fold
  object:prop (1:18-1:24)
    ident (1:18-1:24) unfold
    ident (1:18-1:24) unfold
  object:prop (1:26-1:29)
    ident (1:26-1:29) map
    ident (1:26-1:29) map
  object:prop (1:31-1:35)
    ident (1:31-1:35) find
    ident (1:31-1:35) find
  object:prop (1:37-1:43)
    ident (1:37-1:43) filter
    ident (1:37-1:43) filter
  object:prop (1:45-1:50)
    ident (1:45-1:50) await
    ident (1:45-1:50) await
  object:prop (1:52-1:59)
    ident (1:52-1:59) attempt
    ident (1:52-1:59) attempt
`;

exports[`object {...} parses multiple shorthand exprs 1`] = `
object (1:0-1:13)
  object:prop (1:1-1:4)
    ident (1:1-1:4) foo
    ident (1:1-1:4) foo
  object:prop (1:6-1:9)
    ident (1:6-1:9) bar
    ident (1:6-1:9) bar
  object:prop (1:11-1:12)
    ident (1:11-1:12) π
    ident (1:11-1:12) π
`;

exports[`object {...} parses multiple shorthand exprs 2`] = `
object (1:0-1:28)
  object:prop (1:1-1:4)
    ident (1:1-1:4) foo
    ident (1:1-1:4) foo
  object:prop (1:6-1:14)
    ident (1:6-1:9) bar
    number (1:11-1:14) 123
  object:prop (1:16-1:27)
    ident (1:16-1:21) shrub
    string ' (1:23-1:27)
      'ni'
`;

exports[`object {...} parses single prop 1`] = `
object (1:0-1:11)
  object:prop (1:1-1:10)
    ident (1:1-1:4) foo
    ident (1:6-1:10) spam
`;

exports[`object {...} parses single shorthand prop 1`] = `
object (1:0-1:5)
  object:prop (1:1-1:4)
    ident (1:1-1:4) foo
    ident (1:1-1:4) foo
`;

exports[`object {...} parses single str prop} 1`] = `
object (1:0-1:13)
  object:prop (1:1-1:12)
    string ' (1:1-1:6)
      'foo'
    ident (1:8-1:12) spam
`;

exports[`object {...} parses spread prop 1`] = `
object (1:0-1:13)
  object:prop (1:1-1:4)
    ident (1:1-1:4) foo
    ident (1:1-1:4) foo
  object:prop (1:6-1:12)
    spread ... (1:6-1:12)
      ident (1:9-1:12) bar
    spread ... (1:6-1:12)
      ident (1:9-1:12) bar
`;
