// Jest Snapshot v1, https://goo.gl/fbAQLP

exports[`assignment parses single line: foo = bar 1`] = `
assign = (1:0-1:9)
  other (1:0-1:3) foo
  other (1:6-1:9) bar
`;
