// Jest Snapshot v1, https://goo.gl/fbAQLP

exports[`js-compat operators parses new 1`] = `
new (1:0-1:20)
  call (1:4-1:20)
    ident (1:4-1:10) Foobar
    ident (1:11-1:15) spam
    ident (1:17-1:19) ni

`;

exports[`js-compat operators parses throw 1`] = `
throw (1:0-1:19)
  call (1:6-1:19)
    ident (1:6-1:9) err
    string \` (1:10-1:18)
      \`foobar\`

`;
