// Jest Snapshot v1, https://goo.gl/fbAQLP

exports[`comments parses doc-comment 1`] = `
assign = (4:0-4:9)
  ident (4:0-4:4) spam
  ident (4:7-4:9) ni
`;

exports[`comments parses line comment 1`] = `
assign = (2:0-2:9)
  ident (2:0-2:4) spam
  ident (2:7-2:9) ni
`;
