// Jest Snapshot v1, https://goo.gl/fbAQLP

exports[`module parses module 1`] = `
module (1:0-2:9)
  assign = (1:0-1:9)
    other (1:0-1:3) foo
    other (1:6-1:9) bar
  assign = (2:0-2:9)
    other (2:0-2:4) spam
    other (2:7-2:9) ni
`;
