// Jest Snapshot v1, https://goo.gl/fbAQLP

exports[`module parses module 1`] = `
module (1:0-8:0)
  # leading module comment
  # expr comment
  assign = (4:0-4:9)
    ident (4:0-4:3) foo
    ident (4:6-4:9) bar
  assign = (5:0-5:9)
    ident (5:0-5:4) spam
    ident (5:7-5:9) ni
`;
