// Jest Snapshot v1, https://goo.gl/fbAQLP

exports[`comma parses single line: fn foo, bar: foo 1`] = `ident (1:0-1:3) foo`;
