// Jest Snapshot v1, https://goo.gl/fbAQLP

exports[`other symbols parses a non-word 1`] = `other (1:2-1:3) Ï€`;

exports[`other symbols parses a word 1`] = `other (1:2-1:8) foobar`;

exports[`symbols as infix operators parses a word 1`] = `
infix add (1:0-1:9)
  other (1:0-1:3) 123
  other (1:8-1:9) 2
`;
