// Jest Snapshot v1, https://goo.gl/fbAQLP

exports[`spread parses multiple 1`] = `
group (1:0-4:1)
  spread ... (2:2-2:6)
    ident (2:5-2:6) a
  spread ... (3:2-3:6)
    ident (3:5-3:6) b
`;

exports[`spread parses single line: ...foobar 1`] = `
spread ... (1:0-1:9)
  ident (1:3-1:9) foobar
`;

exports[`spread parses standalone 1`] = `
array (1:0-1:11)
  ident (1:1-1:2) a
  spread ... (1:4-1:7)
  ident (1:9-1:10) b
`;
