// Jest Snapshot v1, https://goo.gl/fbAQLP

exports[`spread parses single line: ...foobar 1`] = `
spread ... (1:0-1:9)
  ident (1:3-1:9) foobar
`;
